// Jest Snapshot v1, https://goo.gl/fbAQLP

exports[`[MusicAlbum] Test MusicAlbum snapshot 1`] = `
<RNCSafeAreaProvider
  onInsetsChange={[Function]}
  style={
    Array [
      Object {
        "flex": 1,
      },
      undefined,
    ]
  }
>
  <View
    marginLeft={0}
    style={
      Array [
        Object {
          "marginLeft": 0,
        },
      ]
    }
  >
    <View
      style={
        Array [
          Object {},
          Object {
            "shadowColor": "#00000040",
            "shadowOffset": Object {
              "height": 9,
              "width": 0,
            },
            "shadowOpacity": 1,
            "shadowRadius": 10,
          },
        ]
      }
    >
      <View
        accessible={true}
        borderRadius={9.5}
        collapsable={false}
        focusable={true}
        marginBottom={11}
        marginLeft={3}
        marginRight={3}
        marginTop={3}
        onBlur={[Function]}
        onClick={[Function]}
        onFocus={[Function]}
        onHoverIn={[Function]}
        onHoverOut={[Function]}
        onResponderGrant={[Function]}
        onResponderMove={[Function]}
        onResponderRelease={[Function]}
        onResponderTerminate={[Function]}
        onResponderTerminationRequest={[Function]}
        onStartShouldSetResponder={[Function]}
        overflow="hidden"
        style={
          Array [
            Object {
              "borderRadius": 9.5,
              "marginBottom": 11,
              "marginLeft": 12,
              "marginRight": 12,
              "marginTop": 12,
              "overflow": "hidden",
            },
          ]
        }
      >
        <View
          accessibilityIgnoresInvertColors={true}
          style={
            Object {
              "height": 192.3076923076923,
              "width": 192.3076923076923,
            }
          }
        >
          <Image
            resizeMode="cover"
            style={
              Array [
                Object {
                  "bottom": 0,
                  "left": 0,
                  "position": "absolute",
                  "right": 0,
                  "top": 0,
                },
                Object {
                  "height": 192.3076923076923,
                  "width": 192.3076923076923,
                },
                undefined,
              ]
            }
          />
          <Image
            accessibilityLabel=" "
            alt=" "
            height={25}
            maxWidth="100%"
            onError={[Function]}
            position="absolute"
            resizeMode="cover"
            right={1}
            style={
              Array [
                Object {
                  "height": 25,
                  "maxWidth": "100%",
                  "position": "absolute",
                  "right": 4,
                  "top": 4,
                  "width": 25,
                },
              ]
            }
            top={1}
            width={25}
          />
        </View>
      </View>
    </View>
    <View
      marginLeft={3}
      marginRight={3}
      overflow="hidden"
      style={
        Array [
          Object {
            "marginLeft": 12,
            "marginRight": 12,
            "overflow": "hidden",
          },
          Object {
            "width": 192.3076923076923,
          },
        ]
      }
    >
      <Text
        color="#14163e"
        fontFamily="body"
        fontSize={15}
        fontStyle="normal"
        fontWeight={400}
        numberOfLines={1}
        style={
          Array [
            Object {
              "color": "#14163e",
              "fontSize": 15,
              "fontStyle": "normal",
              "fontWeight": "400",
            },
          ]
        }
      >
        음원제목
      </Text>
      <Text
        color="#a4acb4"
        fontFamily="body"
        fontSize={12}
        fontStyle="normal"
        fontWeight={400}
        numberOfLines={1}
        style={
          Array [
            Object {
              "color": "#a4acb4",
              "fontSize": 12,
              "fontStyle": "normal",
              "fontWeight": "400",
            },
          ]
        }
      >
        소유자
      </Text>
    </View>
  </View>
</RNCSafeAreaProvider>
`;
